// Jest Snapshot v1, https://goo.gl/fbAQLP

exports[`Should ErrorScreen render correctly 1`] = `
<div
  style={
    Object {
      "background": "rgb(0, 0, 0)",
      "height": "100vh",
      "width": "100%",
    }
  }
>
  <svg
    height="204px"
    preserveAspectRatio="xMidYMid"
    style={
      Object {
        "background": "rgb(0, 0, 0)",
        "display": "block",
        "margin": "auto",
        "paddingTop": "100px",
        "shapeRendering": "auto",
      }
    }
    viewBox="0 0 100 100"
    width="204px"
    xmlns="http://www.w3.org/2000/svg"
    xmlnsXlink="http://www.w3.org/1999/xlink"
  >
    <g>
      <path
        d="M50 15A35 35 0 1 0 74.74873734152916 25.251262658470843"
        fill="none"
        stroke="#0071bf"
        strokeWidth="12"
      />
      <path
        d="M49 0L49 30L64 15L49 0"
        fill="#0071bf"
      />
      <animateTransform
        attributeName="transform"
        dur="4.761904761904762s"
        keyTimes="0;1"
        repeatCount="indefinite"
        type="rotate"
        values="0 50 50;360 50 50"
      />
    </g>
  </svg>
</div>
`;
